
> crm-app@0.0.0 build
> tsc && vite build

[36mvite v5.4.21 [32mbuilding for production...[36m[39m
transforming...
[32mΓ£ô[39m 20 modules transformed.
node.exe : [31mx[39m Build 
failed in 961ms
At C:\Program 
Files\nodejs\npm.ps1:29 
char:3
+   & $NODE_EXE $NPM_CLI_JS 
$args
+   
~~~~~~~~~~~~~~~~~~~~~~~~~~~~~
    + CategoryInfo           
   : NotSpecified: ([31mx  
  [39m Build failed in 961   
 ms:String) [], RemoteExc    
eption
    + FullyQualifiedErrorId  
   : NativeCommandError
 
[31merror during build:
[31m[vite:css] [postcss] 
D:/CCRM/src/index.css:1:1: 
The `border-border` class 
does not exist. If 
`border-border` is a custom 
class, make sure it is 
defined within a `@layer` 
directive.[31m
file: [36mD:/CCRM/src/index.
css:1:0[31m
    at Input.error (D:\CCRM\n
ode_modules\postcss\lib\input
.js:135:16)
    at AtRule.error (D:\CCRM\
node_modules\postcss\lib\node
.js:146:32)
    at processApply (D:\CCRM\
node_modules\tailwindcss\lib\
lib\expandApplyAtRules.js:380
:29)
    at D:\CCRM\node_modules\t
ailwindcss\lib\lib\expandAppl
yAtRules.js:551:9
    at D:\CCRM\node_modules\t
ailwindcss\lib\processTailwin
dFeatures.js:55:50
    at async plugins (D:\CCRM
\node_modules\tailwindcss\lib
\plugin.js:38:17)
    at async 
LazyResult.runAsync (D:\CCRM\
node_modules\postcss\lib\lazy
-result.js:293:11)
    at async compileCSS (file
:///D:/CCRM/node_modules/vite
/dist/node/chunks/dep-BK3b2jB
a.js:36898:21)
    at async 
Object.transform (file:///D:/
CCRM/node_modules/vite/dist/n
ode/chunks/dep-BK3b2jBa.js:36
171:11)
    at async transform (file:
///D:/CCRM/node_modules/rollu
p/dist/es/shared/node-entry.j
s:21234:16)[39m
